[4400:4527:1201/110759.768447:ERROR:google_apis/gcm/engine/registration_request.cc:292] Registration response error message: DEPRECATED_ENDPOINT
Created TensorFlow Lite XNNPACK delegate for CPU.
[4400:4527:1201/110829.661412:ERROR:google_apis/gcm/engine/registration_request.cc:292] Registration response error message: DEPRECATED_ENDPOINT
[4400:4527:1201/110918.632610:ERROR:google_apis/gcm/engine/registration_request.cc:292] Registration response error message: DEPRECATED_ENDPOINT
[4400:4527:1201/111103.721790:ERROR:google_apis/gcm/engine/registration_request.cc:292] Registration response error message: DEPRECATED_ENDPOINT
[4400:4527:1201/111437.601656:ERROR:google_apis/gcm/engine/registration_request.cc:292] Registration response error message: DEPRECATED_ENDPOINT
[4400:4527:1201/111902.407003:ERROR:google_apis/gcm/engine/connection_factory_impl.cc:434] Failed to connect to MCS endpoint with error -105
[4400:4527:1201/111902.408692:ERROR:google_apis/gcm/engine/connection_factory_impl.cc:434] Failed to connect to MCS endpoint with error -105
[4400:4527:1201/112056.906366:ERROR:google_apis/gcm/engine/registration_request.cc:292] Registration response error message: DEPRECATED_ENDPOINT
[4400:4527:1201/112335.963560:ERROR:google_apis/gcm/engine/connection_factory_impl.cc:434] Failed to connect to MCS endpoint with error -105
[4400:4527:1201/112338.417403:ERROR:google_apis/gcm/engine/connection_factory_impl.cc:434] Failed to connect to MCS endpoint with error -105
[4400:4527:1201/112749.547900:ERROR:google_apis/gcm/engine/connection_factory_impl.cc:434] Failed to connect to MCS endpoint with error -105
[4400:4527:1201/112749.550132:ERROR:google_apis/gcm/engine/connection_factory_impl.cc:434] Failed to connect to MCS endpoint with error -105
[4558:4563:1201/112815.091560:ERROR:net/socket/ssl_client_socket_impl.cc:916] handshake failed; returned -1, SSL error code 1, net_error -100
[4400:4527:1201/113617.346629:ERROR:google_apis/gcm/engine/connection_factory_impl.cc:434] Failed to connect to MCS endpoint with error -105
[4400:4527:1201/113617.349839:ERROR:google_apis/gcm/engine/connection_factory_impl.cc:434] Failed to connect to MCS endpoint with error -105
[4400:4527:1201/113644.867350:ERROR:google_apis/gcm/engine/connection_factory_impl.cc:434] Failed to connect to MCS endpoint with error -105
[4400:4527:1201/113644.869140:ERROR:google_apis/gcm/engine/connection_factory_impl.cc:434] Failed to connect to MCS endpoint with error -105
[4400:4527:1201/113948.797619:ERROR:google_apis/gcm/engine/connection_factory_impl.cc:434] Failed to connect to MCS endpoint with error -105
[4400:4527:1201/113948.799953:ERROR:google_apis/gcm/engine/connection_factory_impl.cc:434] Failed to connect to MCS endpoint with error -105
[4400:4527:1201/120921.356088:ERROR:google_apis/gcm/engine/registration_request.cc:292] Registration response error message: DEPRECATED_ENDPOINT
[4400:4527:1201/120948.127882:ERROR:google_apis/gcm/engine/registration_request.cc:292] Registration response error message: DEPRECATED_ENDPOINT
[4400:4527:1201/121029.331671:ERROR:google_apis/gcm/engine/registration_request.cc:292] Registration response error message: DEPRECATED_ENDPOINT
[4400:4527:1201/121216.201112:ERROR:google_apis/gcm/engine/registration_request.cc:292] Registration response error message: DEPRECATED_ENDPOINT
[4400:4527:1201/121558.464633:ERROR:google_apis/gcm/engine/registration_request.cc:292] Registration response error message: DEPRECATED_ENDPOINT
[14059:14088:1201/125511.717735:ERROR:google_apis/gcm/engine/registration_request.cc:292] Registration response error message: DEPRECATED_ENDPOINT
Created TensorFlow Lite XNNPACK delegate for CPU.
[14059:14088:1201/125533.711217:ERROR:google_apis/gcm/engine/registration_request.cc:292] Registration response error message: DEPRECATED_ENDPOINT
[14059:14059:1201/125546.032642:ERROR:mojo/public/cpp/bindings/lib/interface_endpoint_client.cc:732] Message 1 rejected by interface blink.mojom.WidgetHost
[14059:14088:1201/125618.150064:ERROR:google_apis/gcm/engine/registration_request.cc:292] Registration response error message: DEPRECATED_ENDPOINT
[14059:14088:1201/125807.508169:ERROR:google_apis/gcm/engine/registration_request.cc:292] Registration response error message: DEPRECATED_ENDPOINT
[14059:14088:1201/130207.750162:ERROR:google_apis/gcm/engine/registration_request.cc:292] Registration response error message: DEPRECATED_ENDPOINT
[14059:14088:1201/130417.824561:ERROR:google_apis/gcm/engine/connection_factory_impl.cc:434] Failed to connect to MCS endpoint with error -105
[14059:14088:1201/130417.825577:ERROR:google_apis/gcm/engine/connection_factory_impl.cc:434] Failed to connect to MCS endpoint with error -105
[14059:14088:1201/130619.086677:ERROR:google_apis/gcm/engine/connection_factory_impl.cc:434] Failed to connect to MCS endpoint with error -105
[14059:14088:1201/130619.090131:ERROR:google_apis/gcm/engine/connection_factory_impl.cc:434] Failed to connect to MCS endpoint with error -105
[14059:14088:1201/130638.545131:ERROR:google_apis/gcm/engine/connection_factory_impl.cc:434] Failed to connect to MCS endpoint with error -105
[14059:14088:1201/130757.927048:ERROR:google_apis/gcm/engine/connection_factory_impl.cc:434] Failed to connect to MCS endpoint with error -105
[14059:14088:1201/130757.929153:ERROR:google_apis/gcm/engine/connection_factory_impl.cc:434] Failed to connect to MCS endpoint with error -105
[14059:14088:1201/130921.150417:ERROR:google_apis/gcm/engine/registration_request.cc:292] Registration response error message: DEPRECATED_ENDPOINT
[14059:14088:1201/130931.232447:ERROR:google_apis/gcm/engine/connection_factory_impl.cc:434] Failed to connect to MCS endpoint with error -105
[14059:14088:1201/130931.243122:ERROR:google_apis/gcm/engine/connection_factory_impl.cc:434] Failed to connect to MCS endpoint with error -105
[14059:14088:1201/131308.892059:ERROR:google_apis/gcm/engine/connection_factory_impl.cc:434] Failed to connect to MCS endpoint with error -105
[14059:14088:1201/131308.893413:ERROR:google_apis/gcm/engine/connection_factory_impl.cc:434] Failed to connect to MCS endpoint with error -105
[14059:14088:1201/131407.719447:ERROR:google_apis/gcm/engine/connection_factory_impl.cc:434] Failed to connect to MCS endpoint with error -105
[14059:14088:1201/131407.720798:ERROR:google_apis/gcm/engine/connection_factory_impl.cc:434] Failed to connect to MCS endpoint with error -105
[14108:14108:1201/131744.644735:ERROR:gpu/command_buffer/service/shared_image/shared_image_manager.cc:393] SharedImageManager::ProduceSkia: Trying to Produce a Skia representation from a non-existent mailbox.
[14059:14088:1201/135537.425770:ERROR:google_apis/gcm/engine/connection_factory_impl.cc:434] Failed to connect to MCS endpoint with error -105
[14059:14088:1201/135537.427539:ERROR:google_apis/gcm/engine/connection_factory_impl.cc:434] Failed to connect to MCS endpoint with error -105
Gdk-Message: 14:14:58.725: Lost connection to Wayland compositor.
[5209:5239:1206/063713.733664:ERROR:google_apis/gcm/engine/registration_request.cc:275] Registration URL fetching failed.
Created TensorFlow Lite XNNPACK delegate for CPU.
[5209:5239:1206/063734.655650:ERROR:google_apis/gcm/engine/registration_request.cc:275] Registration URL fetching failed.
[5209:5209:1206/063828.507353:ERROR:chrome/browser/policy/cloud/fm_registration_token_uploader.cc:265] Upload failed for kUser scope, 245350905893 project: 2
[5209:5209:1206/063829.712303:ERROR:chrome/browser/policy/cloud/fm_registration_token_uploader.cc:265] Upload failed for kUser scope, 585406161706 project: 2
[5209:5239:1206/063830.876649:ERROR:google_apis/gcm/engine/registration_request.cc:275] Registration URL fetching failed.
[5209:5209:1206/063956.790678:ERROR:chrome/browser/policy/cloud/fm_registration_token_uploader.cc:265] Upload failed for kUser scope, 245350905893 project: 2
[5209:5209:1206/063956.793639:ERROR:chrome/browser/policy/cloud/fm_registration_token_uploader.cc:265] Upload failed for kUser scope, 585406161706 project: 2
[5209:5239:1206/064026.245695:ERROR:google_apis/gcm/engine/registration_request.cc:275] Registration URL fetching failed.
[5209:5209:1206/064128.708062:ERROR:chrome/browser/policy/cloud/fm_registration_token_uploader.cc:265] Upload failed for kUser scope, 585406161706 project: 2
[5209:5209:1206/064133.443321:ERROR:chrome/browser/policy/cloud/fm_registration_token_uploader.cc:265] Upload failed for kUser scope, 245350905893 project: 2
[5209:5239:1206/064138.381579:ERROR:google_apis/gcm/engine/connection_factory_impl.cc:434] Failed to connect to MCS endpoint with error -105
[5209:5239:1206/064138.384018:ERROR:google_apis/gcm/engine/connection_factory_impl.cc:434] Failed to connect to MCS endpoint with error -105
[5209:5239:1206/064207.591755:ERROR:google_apis/gcm/engine/connection_factory_impl.cc:434] Failed to connect to MCS endpoint with error -105
[5209:5239:1206/064223.092997:ERROR:google_apis/gcm/engine/connection_factory_impl.cc:434] Failed to connect to MCS endpoint with error -105
[5209:5239:1206/064258.892194:ERROR:google_apis/gcm/engine/connection_factory_impl.cc:434] Failed to connect to MCS endpoint with error -105
[5209:5239:1206/064312.541332:ERROR:google_apis/gcm/engine/connection_factory_impl.cc:434] Failed to connect to MCS endpoint with error -105
[5209:5239:1206/064352.177669:ERROR:google_apis/gcm/engine/registration_request.cc:275] Registration URL fetching failed.
[5209:5239:1206/064357.685622:ERROR:google_apis/gcm/engine/connection_factory_impl.cc:434] Failed to connect to MCS endpoint with error -105
[5209:5239:1206/064430.288494:ERROR:google_apis/gcm/engine/connection_factory_impl.cc:434] Failed to connect to MCS endpoint with error -105
[5209:5209:1206/064450.515209:ERROR:chrome/browser/policy/cloud/fm_registration_token_uploader.cc:265] Upload failed for kUser scope, 585406161706 project: 2
[5209:5209:1206/064456.185689:ERROR:chrome/browser/policy/cloud/fm_registration_token_uploader.cc:265] Upload failed for kUser scope, 245350905893 project: 2
Gdk-Message: 06:46:46.355: Lost connection to Wayland compositor.
Created TensorFlow Lite XNNPACK delegate for CPU.
[6641:6668:1219/131545.611015:ERROR:google_apis/gcm/engine/registration_request.cc:292] Registration response error message: QUOTA_EXCEEDED
[6641:6668:1219/131547.487024:ERROR:google_apis/gcm/engine/registration_request.cc:292] Registration response error message: QUOTA_EXCEEDED
[6641:6668:1219/143056.866355:ERROR:google_apis/gcm/engine/connection_factory_impl.cc:434] Failed to connect to MCS endpoint with error -105
[6641:6668:1219/143613.480571:ERROR:google_apis/gcm/engine/connection_factory_impl.cc:434] Failed to connect to MCS endpoint with error -105
[6641:6668:1219/144750.364207:ERROR:google_apis/gcm/engine/connection_factory_impl.cc:483] ConnectionHandler failed with net error: -2
[6641:6641:1219/144757.098410:ERROR:content/common/zygote/zygote_communication_linux.cc:293] Failed to send GetTerminationStatus message to zygote
[6641:6641:1219/144758.892784:ERROR:content/common/zygote/zygote_communication_linux.cc:293] Failed to send GetTerminationStatus message to zygote
[6641:6641:1219/144803.040163:ERROR:content/common/zygote/zygote_communication_linux.cc:293] Failed to send GetTerminationStatus message to zygote
[6641:6641:1219/144803.041331:ERROR:content/common/zygote/zygote_communication_linux.cc:293] Failed to send GetTerminationStatus message to zygote
[6641:6641:1219/144803.045690:ERROR:content/common/zygote/zygote_communication_linux.cc:293] Failed to send GetTerminationStatus message to zygote
[6641:6641:1219/144803.365508:ERROR:content/common/zygote/zygote_communication_linux.cc:293] Failed to send GetTerminationStatus message to zygote
[6641:6641:1219/144803.619461:ERROR:content/common/zygote/zygote_communication_linux.cc:293] Failed to send GetTerminationStatus message to zygote
[6641:6641:1219/144803.631863:ERROR:content/common/zygote/zygote_communication_linux.cc:293] Failed to send GetTerminationStatus message to zygote
[6641:6641:1219/144804.028489:ERROR:content/browser/network_service_instance_impl.cc:613] Network service crashed or was terminated, restarting service.
[6641:6641:1219/144804.761020:ERROR:content/common/zygote/zygote_communication_linux.cc:293] Failed to send GetTerminationStatus message to zygote
[1219/144808.932904:ERROR:third_party/crashpad/crashpad/snapshot/elf/elf_dynamic_array_reader.h:64] tag not found
[1219/144809.215881:ERROR:third_party/crashpad/crashpad/snapshot/elf/elf_dynamic_array_reader.h:64] tag not found
[1219/144809.699235:ERROR:third_party/crashpad/crashpad/snapshot/elf/elf_dynamic_array_reader.h:64] tag not found
[1219/144812.450819:ERROR:third_party/crashpad/crashpad/util/file/directory_reader_posix.cc:43] opendir /home/msf_bennett/.config/google-chrome/Crash Reports/attachments/a5370c44-52c8-444c-9db7-c3e88edd6ab2: No such file or directory (2)
[6641:6641:1219/144805.744488:ERROR:chrome/browser/ui/browser_tabstrip.cc:118] NOTREACHED hit. CloseWebContents called for tab not in our strip
[6641:6641:1219/144812.598361:ERROR:content/browser/gpu/gpu_process_host.cc:999] GPU process launch failed: error_code=1002
[6641:6641:1219/144814.187019:ERROR:content/browser/gpu/gpu_process_host.cc:999] GPU process launch failed: error_code=1002
[6641:6641:1219/144814.962792:ERROR:content/browser/gpu/gpu_process_host.cc:999] GPU process launch failed: error_code=1002
[6641:6641:1219/144815.112629:ERROR:content/browser/gpu/gpu_process_host.cc:999] GPU process launch failed: error_code=1002
[6641:6641:1219/144815.119431:ERROR:content/browser/gpu/gpu_process_host.cc:999] GPU process launch failed: error_code=1002
[6641:6641:1219/144815.122281:ERROR:content/browser/gpu/gpu_process_host.cc:999] GPU process launch failed: error_code=1002
[6641:6641:1219/144815.124209:ERROR:content/browser/gpu/gpu_process_host.cc:999] GPU process launch failed: error_code=1002
[6641:6641:1219/144815.172145:ERROR:content/browser/gpu/gpu_process_host.cc:999] GPU process launch failed: error_code=1002
[6641:6641:1219/144815.177774:ERROR:content/browser/gpu/gpu_process_host.cc:999] GPU process launch failed: error_code=1002
[6641:6641:1219/144815.177851:FATAL:content/browser/gpu/gpu_data_manager_impl_private.cc:415] GPU process isn't usable. Goodbye.
[1219/144815.197402:ERROR:third_party/crashpad/crashpad/snapshot/elf/elf_dynamic_array_reader.h:64] tag not found
[1219/144815.198509:ERROR:third_party/crashpad/crashpad/snapshot/elf/elf_dynamic_array_reader.h:64] tag not found
[1219/144815.199229:ERROR:third_party/crashpad/crashpad/snapshot/elf/elf_dynamic_array_reader.h:64] tag not found
