Created TensorFlow Lite XNNPACK delegate for CPU.
[13559:13589:1219/055147.532835:ERROR:google_apis/gcm/engine/registration_request.cc:292] Registration response error message: DEPRECATED_ENDPOINT
[13559:13589:1219/055147.820253:ERROR:google_apis/gcm/engine/registration_request.cc:292] Registration response error message: DEPRECATED_ENDPOINT
[13559:13589:1219/055214.788939:ERROR:google_apis/gcm/engine/registration_request.cc:292] Registration response error message: DEPRECATED_ENDPOINT
[13559:13589:1219/055216.411517:ERROR:google_apis/gcm/engine/registration_request.cc:292] Registration response error message: DEPRECATED_ENDPOINT
[13559:13589:1219/055258.900420:ERROR:google_apis/gcm/engine/registration_request.cc:292] Registration response error message: DEPRECATED_ENDPOINT
[13559:13589:1219/055303.351983:ERROR:google_apis/gcm/engine/registration_request.cc:292] Registration response error message: DEPRECATED_ENDPOINT
[13559:13589:1219/055440.867512:ERROR:google_apis/gcm/engine/registration_request.cc:292] Registration response error message: DEPRECATED_ENDPOINT
[13559:13589:1219/055455.275906:ERROR:google_apis/gcm/engine/registration_request.cc:292] Registration response error message: DEPRECATED_ENDPOINT
[13559:13589:1219/055740.987201:ERROR:google_apis/gcm/engine/registration_request.cc:292] Registration response error message: DEPRECATED_ENDPOINT
[13559:13589:1219/055828.713906:ERROR:google_apis/gcm/engine/registration_request.cc:292] Registration response error message: DEPRECATED_ENDPOINT
[13559:13589:1219/060400.198729:ERROR:google_apis/gcm/engine/registration_request.cc:292] Registration response error message: DEPRECATED_ENDPOINT
[13559:13589:1219/060442.859742:ERROR:google_apis/gcm/engine/registration_request.cc:292] Registration response error message: DEPRECATED_ENDPOINT
[13559:13589:1219/061311.521900:ERROR:google_apis/gcm/engine/registration_request.cc:292] Registration response error message: DEPRECATED_ENDPOINT
[13559:13589:1219/061333.295572:ERROR:google_apis/gcm/engine/registration_request.cc:292] Registration response error message: DEPRECATED_ENDPOINT
[13559:13589:1219/061423.577139:ERROR:google_apis/gcm/engine/registration_request.cc:292] Registration response error message: DEPRECATED_ENDPOINT
[13559:13589:1219/061607.103144:ERROR:google_apis/gcm/engine/registration_request.cc:292] Registration response error message: DEPRECATED_ENDPOINT
[13559:13589:1219/061905.796227:ERROR:google_apis/gcm/engine/registration_request.cc:292] Registration response error message: DEPRECATED_ENDPOINT
[13559:13589:1219/062545.733911:ERROR:google_apis/gcm/engine/registration_request.cc:292] Registration response error message: DEPRECATED_ENDPOINT
[13559:13589:1219/065746.099920:ERROR:google_apis/gcm/engine/connection_factory_impl.cc:434] Failed to connect to MCS endpoint with error -106
[13559:13589:1219/065746.101870:ERROR:google_apis/gcm/engine/connection_factory_impl.cc:434] Failed to connect to MCS endpoint with error -106
[13559:13589:1219/065819.590512:ERROR:google_apis/gcm/engine/connection_factory_impl.cc:434] Failed to connect to MCS endpoint with error -106
[13559:13589:1219/065819.593045:ERROR:google_apis/gcm/engine/connection_factory_impl.cc:434] Failed to connect to MCS endpoint with error -106
[13559:13589:1219/065857.205273:ERROR:google_apis/gcm/engine/connection_factory_impl.cc:434] Failed to connect to MCS endpoint with error -105
[13559:13589:1219/065858.850141:ERROR:google_apis/gcm/engine/connection_factory_impl.cc:434] Failed to connect to MCS endpoint with error -106
[13559:13589:1219/065932.086058:ERROR:google_apis/gcm/engine/connection_factory_impl.cc:434] Failed to connect to MCS endpoint with error -106
[13559:13589:1219/065932.090262:ERROR:google_apis/gcm/engine/connection_factory_impl.cc:434] Failed to connect to MCS endpoint with error -106
[13559:13589:1219/070012.721796:ERROR:google_apis/gcm/engine/connection_factory_impl.cc:434] Failed to connect to MCS endpoint with error -106
[13559:13589:1219/070012.728451:ERROR:google_apis/gcm/engine/connection_factory_impl.cc:434] Failed to connect to MCS endpoint with error -106
[13559:13589:1219/070119.807879:ERROR:google_apis/gcm/engine/connection_factory_impl.cc:434] Failed to connect to MCS endpoint with error -105
[13559:13589:1219/070119.809569:ERROR:google_apis/gcm/engine/connection_factory_impl.cc:434] Failed to connect to MCS endpoint with error -105
[13559:13589:1219/070122.659544:ERROR:google_apis/gcm/engine/connection_factory_impl.cc:434] Failed to connect to MCS endpoint with error -106
[13559:13589:1219/070229.855086:ERROR:google_apis/gcm/engine/connection_factory_impl.cc:434] Failed to connect to MCS endpoint with error -105
[13559:13589:1219/070229.856059:ERROR:google_apis/gcm/engine/connection_factory_impl.cc:434] Failed to connect to MCS endpoint with error -105
[15098:5:1219/070422.604767:FATAL:content/child/child_thread_impl.cc:377] Crashing because hung
[1219/070424.080548:ERROR:third_party/crashpad/crashpad/util/file/directory_reader_posix.cc:43] opendir /home/msf_bennett/.config/google-chrome/Crash Reports/attachments/dcec4885-3cf4-4d52-b47c-2acf282a1378: No such file or directory (2)
[13559:13589:1219/070437.091603:ERROR:google_apis/gcm/engine/registration_request.cc:292] Registration response error message: DEPRECATED_ENDPOINT
[1219/070443.455617:ERROR:third_party/crashpad/crashpad/util/net/http_transport_libcurl.cc:472] curl_easy_perform: Could not connect to server (7)
[13559:13589:1219/070502.481412:ERROR:google_apis/gcm/engine/registration_request.cc:292] Registration response error message: DEPRECATED_ENDPOINT
[13559:13589:1219/070602.603595:ERROR:google_apis/gcm/engine/registration_request.cc:292] Registration response error message: DEPRECATED_ENDPOINT
[13559:13589:1219/070802.389461:ERROR:google_apis/gcm/engine/registration_request.cc:292] Registration response error message: DEPRECATED_ENDPOINT
[13559:13559:1219/070858.610104:ERROR:chrome/browser/ui/views/user_education/impl/browser_user_education_interface_impl.cc:154] Attempting to show IPH IPH_ExtensionsZeroStatePromo before browser initialization complete; IPH will not be shown.
[13559:13589:1219/070902.664953:ERROR:google_apis/gcm/engine/registration_request.cc:292] Registration response error message: DEPRECATED_ENDPOINT
[13559:13589:1219/070929.401086:ERROR:google_apis/gcm/engine/registration_request.cc:292] Registration response error message: DEPRECATED_ENDPOINT
[13559:13589:1219/071025.109752:ERROR:google_apis/gcm/engine/registration_request.cc:292] Registration response error message: DEPRECATED_ENDPOINT
[13559:13589:1219/071050.511835:ERROR:google_apis/gcm/engine/registration_request.cc:292] Registration response error message: DEPRECATED_ENDPOINT
[13559:13589:1219/071205.795829:ERROR:google_apis/gcm/engine/registration_request.cc:292] Registration response error message: DEPRECATED_ENDPOINT
[13559:13559:1219/071511.191232:ERROR:chrome/browser/ui/views/user_education/impl/browser_user_education_interface_impl.cc:154] Attempting to show IPH IPH_ExtensionsZeroStatePromo before browser initialization complete; IPH will not be shown.
[13559:13589:1219/071515.210787:ERROR:google_apis/gcm/engine/registration_request.cc:292] Registration response error message: DEPRECATED_ENDPOINT
[13559:13589:1219/071518.986437:ERROR:google_apis/gcm/engine/registration_request.cc:292] Registration response error message: DEPRECATED_ENDPOINT
[13559:13589:1219/071540.499597:ERROR:google_apis/gcm/engine/registration_request.cc:292] Registration response error message: DEPRECATED_ENDPOINT
[13559:13589:1219/071638.490598:ERROR:google_apis/gcm/engine/registration_request.cc:292] Registration response error message: DEPRECATED_ENDPOINT
[13559:13589:1219/071811.892287:ERROR:google_apis/gcm/engine/registration_request.cc:292] Registration response error message: DEPRECATED_ENDPOINT
[13559:13559:1219/071854.160076:ERROR:CONSOLE:1] "Uncaught (in promise) Error: No locale data registered for 'en-US'", source: devtools://devtools/bundled/third_party/i18n/i18n.js (1)
[13559:13589:1219/072122.060158:ERROR:google_apis/gcm/engine/registration_request.cc:292] Registration response error message: DEPRECATED_ENDPOINT
[13559:13589:1219/072144.678739:ERROR:google_apis/gcm/engine/registration_request.cc:292] Registration response error message: DEPRECATED_ENDPOINT
