[2025-11-18 16:21:16] production.ERROR: array_merge(): Argument #2 must be of type array, int given {"exception":"[object] (TypeError(code: 0): array_merge(): Argument #2 must be of type array, int given at /home/msf_bennett/ctrl.dev/studio.dev/AccellaX 361°/web/backend/vendor/laravel/framework/src/Illuminate/Foundation/Bootstrap/LoadConfiguration.php:100)
[stacktrace]
#0 /home/msf_bennett/ctrl.dev/studio.dev/AccellaX 361°/web/backend/vendor/laravel/framework/src/Illuminate/Foundation/Bootstrap/LoadConfiguration.php(100): array_merge()
#1 /home/msf_bennett/ctrl.dev/studio.dev/AccellaX 361°/web/backend/vendor/laravel/framework/src/Illuminate/Foundation/Bootstrap/LoadConfiguration.php(78): Illuminate\\Foundation\\Bootstrap\\LoadConfiguration->loadConfigurationFile()
#2 /home/msf_bennett/ctrl.dev/studio.dev/AccellaX 361°/web/backend/vendor/laravel/framework/src/Illuminate/Foundation/Bootstrap/LoadConfiguration.php(39): Illuminate\\Foundation\\Bootstrap\\LoadConfiguration->loadConfigurationFiles()
#3 /home/msf_bennett/ctrl.dev/studio.dev/AccellaX 361°/web/backend/vendor/laravel/framework/src/Illuminate/Foundation/Application.php(342): Illuminate\\Foundation\\Bootstrap\\LoadConfiguration->bootstrap()
#4 /home/msf_bennett/ctrl.dev/studio.dev/AccellaX 361°/web/backend/vendor/laravel/framework/src/Illuminate/Foundation/Console/Kernel.php(474): Illuminate\\Foundation\\Application->bootstrapWith()
#5 /home/msf_bennett/ctrl.dev/studio.dev/AccellaX 361°/web/backend/vendor/laravel/framework/src/Illuminate/Foundation/Console/Kernel.php(196): Illuminate\\Foundation\\Console\\Kernel->bootstrap()
#6 /home/msf_bennett/ctrl.dev/studio.dev/AccellaX 361°/web/backend/artisan(12): Illuminate\\Foundation\\Console\\Kernel->handle()
#7 {main}
"} 
[2025-11-18 16:21:26] production.ERROR: array_merge(): Argument #2 must be of type array, int given {"exception":"[object] (TypeError(code: 0): array_merge(): Argument #2 must be of type array, int given at /home/msf_bennett/ctrl.dev/studio.dev/AccellaX 361°/web/backend/vendor/laravel/framework/src/Illuminate/Foundation/Bootstrap/LoadConfiguration.php:100)
[stacktrace]
#0 /home/msf_bennett/ctrl.dev/studio.dev/AccellaX 361°/web/backend/vendor/laravel/framework/src/Illuminate/Foundation/Bootstrap/LoadConfiguration.php(100): array_merge()
#1 /home/msf_bennett/ctrl.dev/studio.dev/AccellaX 361°/web/backend/vendor/laravel/framework/src/Illuminate/Foundation/Bootstrap/LoadConfiguration.php(78): Illuminate\\Foundation\\Bootstrap\\LoadConfiguration->loadConfigurationFile()
#2 /home/msf_bennett/ctrl.dev/studio.dev/AccellaX 361°/web/backend/vendor/laravel/framework/src/Illuminate/Foundation/Bootstrap/LoadConfiguration.php(39): Illuminate\\Foundation\\Bootstrap\\LoadConfiguration->loadConfigurationFiles()
#3 /home/msf_bennett/ctrl.dev/studio.dev/AccellaX 361°/web/backend/vendor/laravel/framework/src/Illuminate/Foundation/Application.php(342): Illuminate\\Foundation\\Bootstrap\\LoadConfiguration->bootstrap()
#4 /home/msf_bennett/ctrl.dev/studio.dev/AccellaX 361°/web/backend/vendor/laravel/framework/src/Illuminate/Foundation/Console/Kernel.php(474): Illuminate\\Foundation\\Application->bootstrapWith()
#5 /home/msf_bennett/ctrl.dev/studio.dev/AccellaX 361°/web/backend/vendor/laravel/framework/src/Illuminate/Foundation/Console/Kernel.php(196): Illuminate\\Foundation\\Console\\Kernel->bootstrap()
#6 /home/msf_bennett/ctrl.dev/studio.dev/AccellaX 361°/web/backend/artisan(12): Illuminate\\Foundation\\Console\\Kernel->handle()
#7 {main}
"} 
[2025-11-18 19:25:58] local.ERROR: The /home/msf_bennett/ctrl.dev/studio.dev/AccellaX 361°/web/backend/bootstrap/cache directory must be present and writable. {"exception":"[object] (Exception(code: 0): The /home/msf_bennett/ctrl.dev/studio.dev/AccellaX 361°/web/backend/bootstrap/cache directory must be present and writable. at /home/msf_bennett/ctrl.dev/studio.dev/AccellaX 361°/web/backend/vendor/laravel/framework/src/Illuminate/Foundation/PackageManifest.php:179)
[stacktrace]
#0 /home/msf_bennett/ctrl.dev/studio.dev/AccellaX 361°/web/backend/vendor/laravel/framework/src/Illuminate/Foundation/PackageManifest.php(132): Illuminate\\Foundation\\PackageManifest->write()
#1 /home/msf_bennett/ctrl.dev/studio.dev/AccellaX 361°/web/backend/vendor/laravel/framework/src/Illuminate/Foundation/PackageManifest.php(108): Illuminate\\Foundation\\PackageManifest->build()
#2 /home/msf_bennett/ctrl.dev/studio.dev/AccellaX 361°/web/backend/vendor/laravel/framework/src/Illuminate/Foundation/PackageManifest.php(91): Illuminate\\Foundation\\PackageManifest->getManifest()
#3 /home/msf_bennett/ctrl.dev/studio.dev/AccellaX 361°/web/backend/vendor/laravel/framework/src/Illuminate/Foundation/PackageManifest.php(80): Illuminate\\Foundation\\PackageManifest->config()
#4 /home/msf_bennett/ctrl.dev/studio.dev/AccellaX 361°/web/backend/vendor/laravel/framework/src/Illuminate/Foundation/Bootstrap/RegisterFacades.php(26): Illuminate\\Foundation\\PackageManifest->aliases()
#5 /home/msf_bennett/ctrl.dev/studio.dev/AccellaX 361°/web/backend/vendor/laravel/framework/src/Illuminate/Foundation/Application.php(342): Illuminate\\Foundation\\Bootstrap\\RegisterFacades->bootstrap()
#6 /home/msf_bennett/ctrl.dev/studio.dev/AccellaX 361°/web/backend/vendor/laravel/framework/src/Illuminate/Foundation/Console/Kernel.php(474): Illuminate\\Foundation\\Application->bootstrapWith()
#7 /home/msf_bennett/ctrl.dev/studio.dev/AccellaX 361°/web/backend/vendor/laravel/framework/src/Illuminate/Foundation/Console/Kernel.php(196): Illuminate\\Foundation\\Console\\Kernel->bootstrap()
#8 /home/msf_bennett/ctrl.dev/studio.dev/AccellaX 361°/web/backend/artisan(12): Illuminate\\Foundation\\Console\\Kernel->handle()
#9 {main}
"} 
[2025-11-18 19:26:53] local.ERROR: The /home/msf_bennett/ctrl.dev/studio.dev/AccellaX 361°/web/backend/bootstrap/cache directory must be present and writable. {"exception":"[object] (Exception(code: 0): The /home/msf_bennett/ctrl.dev/studio.dev/AccellaX 361°/web/backend/bootstrap/cache directory must be present and writable. at /home/msf_bennett/ctrl.dev/studio.dev/AccellaX 361°/web/backend/vendor/laravel/framework/src/Illuminate/Foundation/PackageManifest.php:179)
[stacktrace]
#0 /home/msf_bennett/ctrl.dev/studio.dev/AccellaX 361°/web/backend/vendor/laravel/framework/src/Illuminate/Foundation/PackageManifest.php(132): Illuminate\\Foundation\\PackageManifest->write()
#1 /home/msf_bennett/ctrl.dev/studio.dev/AccellaX 361°/web/backend/vendor/laravel/framework/src/Illuminate/Foundation/PackageManifest.php(108): Illuminate\\Foundation\\PackageManifest->build()
#2 /home/msf_bennett/ctrl.dev/studio.dev/AccellaX 361°/web/backend/vendor/laravel/framework/src/Illuminate/Foundation/PackageManifest.php(91): Illuminate\\Foundation\\PackageManifest->getManifest()
#3 /home/msf_bennett/ctrl.dev/studio.dev/AccellaX 361°/web/backend/vendor/laravel/framework/src/Illuminate/Foundation/PackageManifest.php(80): Illuminate\\Foundation\\PackageManifest->config()
#4 /home/msf_bennett/ctrl.dev/studio.dev/AccellaX 361°/web/backend/vendor/laravel/framework/src/Illuminate/Foundation/Bootstrap/RegisterFacades.php(26): Illuminate\\Foundation\\PackageManifest->aliases()
#5 /home/msf_bennett/ctrl.dev/studio.dev/AccellaX 361°/web/backend/vendor/laravel/framework/src/Illuminate/Foundation/Application.php(342): Illuminate\\Foundation\\Bootstrap\\RegisterFacades->bootstrap()
#6 /home/msf_bennett/ctrl.dev/studio.dev/AccellaX 361°/web/backend/vendor/laravel/framework/src/Illuminate/Foundation/Console/Kernel.php(474): Illuminate\\Foundation\\Application->bootstrapWith()
#7 /home/msf_bennett/ctrl.dev/studio.dev/AccellaX 361°/web/backend/vendor/laravel/framework/src/Illuminate/Foundation/Console/Kernel.php(196): Illuminate\\Foundation\\Console\\Kernel->bootstrap()
#8 /home/msf_bennett/ctrl.dev/studio.dev/AccellaX 361°/web/backend/artisan(12): Illuminate\\Foundation\\Console\\Kernel->handle()
#9 {main}
"} 
[2025-11-18 19:38:27] local.ERROR: SQLSTATE[HY000] [1045] Access denied for user 'root'@'localhost' (using password: NO) (Connection: mysql, SQL: select exists (select 1 from information_schema.tables where table_schema = 'accellax_db' and table_name = 'migrations' and table_type in ('BASE TABLE', 'SYSTEM VERSIONED')) as `exists`) {"exception":"[object] (Illuminate\\Database\\QueryException(code: 1045): SQLSTATE[HY000] [1045] Access denied for user 'root'@'localhost' (using password: NO) (Connection: mysql, SQL: select exists (select 1 from information_schema.tables where table_schema = 'accellax_db' and table_name = 'migrations' and table_type in ('BASE TABLE', 'SYSTEM VERSIONED')) as `exists`) at /home/msf_bennett/ctrl.dev/studio.dev/AccellaX 361°/web/backend/vendor/laravel/framework/src/Illuminate/Database/Connection.php:825)
[stacktrace]
#0 /home/msf_bennett/ctrl.dev/studio.dev/AccellaX 361°/web/backend/vendor/laravel/framework/src/Illuminate/Database/Connection.php(779): Illuminate\\Database\\Connection->runQueryCallback()
#1 /home/msf_bennett/ctrl.dev/studio.dev/AccellaX 361°/web/backend/vendor/laravel/framework/src/Illuminate/Database/Connection.php(398): Illuminate\\Database\\Connection->run()
#2 /home/msf_bennett/ctrl.dev/studio.dev/AccellaX 361°/web/backend/vendor/laravel/framework/src/Illuminate/Database/Connection.php(344): Illuminate\\Database\\Connection->select()
#3 /home/msf_bennett/ctrl.dev/studio.dev/AccellaX 361°/web/backend/vendor/laravel/framework/src/Illuminate/Database/Connection.php(361): Illuminate\\Database\\Connection->selectOne()
#4 /home/msf_bennett/ctrl.dev/studio.dev/AccellaX 361°/web/backend/vendor/laravel/framework/src/Illuminate/Database/Schema/MySqlBuilder.php(45): Illuminate\\Database\\Connection->scalar()
#5 /home/msf_bennett/ctrl.dev/studio.dev/AccellaX 361°/web/backend/vendor/laravel/framework/src/Illuminate/Database/Migrations/DatabaseMigrationRepository.php(184): Illuminate\\Database\\Schema\\MySqlBuilder->hasTable()
#6 /home/msf_bennett/ctrl.dev/studio.dev/AccellaX 361°/web/backend/vendor/laravel/framework/src/Illuminate/Database/Migrations/Migrator.php(742): Illuminate\\Database\\Migrations\\DatabaseMigrationRepository->repositoryExists()
#7 /home/msf_bennett/ctrl.dev/studio.dev/AccellaX 361°/web/backend/vendor/laravel/framework/src/Illuminate/Database/Console/Migrations/MigrateCommand.php(165): Illuminate\\Database\\Migrations\\Migrator->repositoryExists()
#8 /home/msf_bennett/ctrl.dev/studio.dev/AccellaX 361°/web/backend/vendor/laravel/framework/src/Illuminate/Support/helpers.php(338): Illuminate\\Database\\Console\\Migrations\\MigrateCommand->{closure:Illuminate\\Database\\Console\\Migrations\\MigrateCommand::repositoryExists():165}()
#9 /home/msf_bennett/ctrl.dev/studio.dev/AccellaX 361°/web/backend/vendor/laravel/framework/src/Illuminate/Database/Console/Migrations/MigrateCommand.php(165): retry()
#10 /home/msf_bennett/ctrl.dev/studio.dev/AccellaX 361°/web/backend/vendor/laravel/framework/src/Illuminate/Database/Console/Migrations/MigrateCommand.php(141): Illuminate\\Database\\Console\\Migrations\\MigrateCommand->repositoryExists()
#11 /home/msf_bennett/ctrl.dev/studio.dev/AccellaX 361°/web/backend/vendor/laravel/framework/src/Illuminate/Database/Console/Migrations/MigrateCommand.php(111): Illuminate\\Database\\Console\\Migrations\\MigrateCommand->prepareDatabase()
#12 /home/msf_bennett/ctrl.dev/studio.dev/AccellaX 361°/web/backend/vendor/laravel/framework/src/Illuminate/Database/Migrations/Migrator.php(658): Illuminate\\Database\\Console\\Migrations\\MigrateCommand->{closure:Illuminate\\Database\\Console\\Migrations\\MigrateCommand::runMigrations():110}()
#13 /home/msf_bennett/ctrl.dev/studio.dev/AccellaX 361°/web/backend/vendor/laravel/framework/src/Illuminate/Database/Console/Migrations/MigrateCommand.php(110): Illuminate\\Database\\Migrations\\Migrator->usingConnection()
#14 /home/msf_bennett/ctrl.dev/studio.dev/AccellaX 361°/web/backend/vendor/laravel/framework/src/Illuminate/Database/Console/Migrations/MigrateCommand.php(89): Illuminate\\Database\\Console\\Migrations\\MigrateCommand->runMigrations()
#15 /home/msf_bennett/ctrl.dev/studio.dev/AccellaX 361°/web/backend/vendor/laravel/framework/src/Illuminate/Container/BoundMethod.php(36): Illuminate\\Database\\Console\\Migrations\\MigrateCommand->handle()
#16 /home/msf_bennett/ctrl.dev/studio.dev/AccellaX 361°/web/backend/vendor/laravel/framework/src/Illuminate/Container/Util.php(43): Illuminate\\Container\\BoundMethod::{closure:Illuminate\\Container\\BoundMethod::call():35}()
#17 /home/msf_bennett/ctrl.dev/studio.dev/AccellaX 361°/web/backend/vendor/laravel/framework/src/Illuminate/Container/BoundMethod.php(95): Illuminate\\Container\\Util::unwrapIfClosure()
#18 /home/msf_bennett/ctrl.dev/studio.dev/AccellaX 361°/web/backend/vendor/laravel/framework/src/Illuminate/Container/BoundMethod.php(35): Illuminate\\Container\\BoundMethod::callBoundMethod()
#19 /home/msf_bennett/ctrl.dev/studio.dev/AccellaX 361°/web/backend/vendor/laravel/framework/src/Illuminate/Container/Container.php(696): Illuminate\\Container\\BoundMethod::call()
#20 /home/msf_bennett/ctrl.dev/studio.dev/AccellaX 361°/web/backend/vendor/laravel/framework/src/Illuminate/Console/Command.php(213): Illuminate\\Container\\Container->call()
#21 /home/msf_bennett/ctrl.dev/studio.dev/AccellaX 361°/web/backend/vendor/symfony/console/Command/Command.php(318): Illuminate\\Console\\Command->execute()
#22 /home/msf_bennett/ctrl.dev/studio.dev/AccellaX 361°/web/backend/vendor/laravel/framework/src/Illuminate/Console/Command.php(182): Symfony\\Component\\Console\\Command\\Command->run()
#23 /home/msf_bennett/ctrl.dev/studio.dev/AccellaX 361°/web/backend/vendor/symfony/console/Application.php(1073): Illuminate\\Console\\Command->run()
#24 /home/msf_bennett/ctrl.dev/studio.dev/AccellaX 361°/web/backend/vendor/symfony/console/Application.php(356): Symfony\\Component\\Console\\Application->doRunCommand()
#25 /home/msf_bennett/ctrl.dev/studio.dev/AccellaX 361°/web/backend/vendor/symfony/console/Application.php(195): Symfony\\Component\\Console\\Application->doRun()
#26 /home/msf_bennett/ctrl.dev/studio.dev/AccellaX 361°/web/backend/vendor/laravel/framework/src/Illuminate/Foundation/Console/Kernel.php(198): Symfony\\Component\\Console\\Application->run()
#27 /home/msf_bennett/ctrl.dev/studio.dev/AccellaX 361°/web/backend/artisan(12): Illuminate\\Foundation\\Console\\Kernel->handle()
#28 {main}

[previous exception] [object] (PDOException(code: 1045): SQLSTATE[HY000] [1045] Access denied for user 'root'@'localhost' (using password: NO) at /home/msf_bennett/ctrl.dev/studio.dev/AccellaX 361°/web/backend/vendor/laravel/framework/src/Illuminate/Database/Connectors/Connector.php:67)
[stacktrace]
#0 /home/msf_bennett/ctrl.dev/studio.dev/AccellaX 361°/web/backend/vendor/laravel/framework/src/Illuminate/Database/Connectors/Connector.php(67): PDO::connect()
#1 /home/msf_bennett/ctrl.dev/studio.dev/AccellaX 361°/web/backend/vendor/laravel/framework/src/Illuminate/Database/Connectors/Connector.php(44): Illuminate\\Database\\Connectors\\Connector->createPdoConnection()
#2 /home/msf_bennett/ctrl.dev/studio.dev/AccellaX 361°/web/backend/vendor/laravel/framework/src/Illuminate/Database/Connectors/MySqlConnector.php(24): Illuminate\\Database\\Connectors\\Connector->createConnection()
#3 /home/msf_bennett/ctrl.dev/studio.dev/AccellaX 361°/web/backend/vendor/laravel/framework/src/Illuminate/Database/Connectors/ConnectionFactory.php(185): Illuminate\\Database\\Connectors\\MySqlConnector->connect()
#4 [internal function]: Illuminate\\Database\\Connectors\\ConnectionFactory->{closure:Illuminate\\Database\\Connectors\\ConnectionFactory::createPdoResolverWithHosts():180}()
#5 /home/msf_bennett/ctrl.dev/studio.dev/AccellaX 361°/web/backend/vendor/laravel/framework/src/Illuminate/Database/Connection.php(1231): call_user_func()
#6 /home/msf_bennett/ctrl.dev/studio.dev/AccellaX 361°/web/backend/vendor/laravel/framework/src/Illuminate/Database/Connection.php(1267): Illuminate\\Database\\Connection->getPdo()
#7 /home/msf_bennett/ctrl.dev/studio.dev/AccellaX 361°/web/backend/vendor/laravel/framework/src/Illuminate/Database/Connection.php(512): Illuminate\\Database\\Connection->getReadPdo()
#8 /home/msf_bennett/ctrl.dev/studio.dev/AccellaX 361°/web/backend/vendor/laravel/framework/src/Illuminate/Database/Connection.php(407): Illuminate\\Database\\Connection->getPdoForSelect()
#9 /home/msf_bennett/ctrl.dev/studio.dev/AccellaX 361°/web/backend/vendor/laravel/framework/src/Illuminate/Database/Connection.php(812): Illuminate\\Database\\Connection->{closure:Illuminate\\Database\\Connection::select():398}()
#10 /home/msf_bennett/ctrl.dev/studio.dev/AccellaX 361°/web/backend/vendor/laravel/framework/src/Illuminate/Database/Connection.php(779): Illuminate\\Database\\Connection->runQueryCallback()
#11 /home/msf_bennett/ctrl.dev/studio.dev/AccellaX 361°/web/backend/vendor/laravel/framework/src/Illuminate/Database/Connection.php(398): Illuminate\\Database\\Connection->run()
#12 /home/msf_bennett/ctrl.dev/studio.dev/AccellaX 361°/web/backend/vendor/laravel/framework/src/Illuminate/Database/Connection.php(344): Illuminate\\Database\\Connection->select()
#13 /home/msf_bennett/ctrl.dev/studio.dev/AccellaX 361°/web/backend/vendor/laravel/framework/src/Illuminate/Database/Connection.php(361): Illuminate\\Database\\Connection->selectOne()
#14 /home/msf_bennett/ctrl.dev/studio.dev/AccellaX 361°/web/backend/vendor/laravel/framework/src/Illuminate/Database/Schema/MySqlBuilder.php(45): Illuminate\\Database\\Connection->scalar()
#15 /home/msf_bennett/ctrl.dev/studio.dev/AccellaX 361°/web/backend/vendor/laravel/framework/src/Illuminate/Database/Migrations/DatabaseMigrationRepository.php(184): Illuminate\\Database\\Schema\\MySqlBuilder->hasTable()
#16 /home/msf_bennett/ctrl.dev/studio.dev/AccellaX 361°/web/backend/vendor/laravel/framework/src/Illuminate/Database/Migrations/Migrator.php(742): Illuminate\\Database\\Migrations\\DatabaseMigrationRepository->repositoryExists()
#17 /home/msf_bennett/ctrl.dev/studio.dev/AccellaX 361°/web/backend/vendor/laravel/framework/src/Illuminate/Database/Console/Migrations/MigrateCommand.php(165): Illuminate\\Database\\Migrations\\Migrator->repositoryExists()
#18 /home/msf_bennett/ctrl.dev/studio.dev/AccellaX 361°/web/backend/vendor/laravel/framework/src/Illuminate/Support/helpers.php(338): Illuminate\\Database\\Console\\Migrations\\MigrateCommand->{closure:Illuminate\\Database\\Console\\Migrations\\MigrateCommand::repositoryExists():165}()
#19 /home/msf_bennett/ctrl.dev/studio.dev/AccellaX 361°/web/backend/vendor/laravel/framework/src/Illuminate/Database/Console/Migrations/MigrateCommand.php(165): retry()
#20 /home/msf_bennett/ctrl.dev/studio.dev/AccellaX 361°/web/backend/vendor/laravel/framework/src/Illuminate/Database/Console/Migrations/MigrateCommand.php(141): Illuminate\\Database\\Console\\Migrations\\MigrateCommand->repositoryExists()
#21 /home/msf_bennett/ctrl.dev/studio.dev/AccellaX 361°/web/backend/vendor/laravel/framework/src/Illuminate/Database/Console/Migrations/MigrateCommand.php(111): Illuminate\\Database\\Console\\Migrations\\MigrateCommand->prepareDatabase()
#22 /home/msf_bennett/ctrl.dev/studio.dev/AccellaX 361°/web/backend/vendor/laravel/framework/src/Illuminate/Database/Migrations/Migrator.php(658): Illuminate\\Database\\Console\\Migrations\\MigrateCommand->{closure:Illuminate\\Database\\Console\\Migrations\\MigrateCommand::runMigrations():110}()
#23 /home/msf_bennett/ctrl.dev/studio.dev/AccellaX 361°/web/backend/vendor/laravel/framework/src/Illuminate/Database/Console/Migrations/MigrateCommand.php(110): Illuminate\\Database\\Migrations\\Migrator->usingConnection()
#24 /home/msf_bennett/ctrl.dev/studio.dev/AccellaX 361°/web/backend/vendor/laravel/framework/src/Illuminate/Database/Console/Migrations/MigrateCommand.php(89): Illuminate\\Database\\Console\\Migrations\\MigrateCommand->runMigrations()
#25 /home/msf_bennett/ctrl.dev/studio.dev/AccellaX 361°/web/backend/vendor/laravel/framework/src/Illuminate/Container/BoundMethod.php(36): Illuminate\\Database\\Console\\Migrations\\MigrateCommand->handle()
#26 /home/msf_bennett/ctrl.dev/studio.dev/AccellaX 361°/web/backend/vendor/laravel/framework/src/Illuminate/Container/Util.php(43): Illuminate\\Container\\BoundMethod::{closure:Illuminate\\Container\\BoundMethod::call():35}()
#27 /home/msf_bennett/ctrl.dev/studio.dev/AccellaX 361°/web/backend/vendor/laravel/framework/src/Illuminate/Container/BoundMethod.php(95): Illuminate\\Container\\Util::unwrapIfClosure()
#28 /home/msf_bennett/ctrl.dev/studio.dev/AccellaX 361°/web/backend/vendor/laravel/framework/src/Illuminate/Container/BoundMethod.php(35): Illuminate\\Container\\BoundMethod::callBoundMethod()
#29 /home/msf_bennett/ctrl.dev/studio.dev/AccellaX 361°/web/backend/vendor/laravel/framework/src/Illuminate/Container/Container.php(696): Illuminate\\Container\\BoundMethod::call()
#30 /home/msf_bennett/ctrl.dev/studio.dev/AccellaX 361°/web/backend/vendor/laravel/framework/src/Illuminate/Console/Command.php(213): Illuminate\\Container\\Container->call()
#31 /home/msf_bennett/ctrl.dev/studio.dev/AccellaX 361°/web/backend/vendor/symfony/console/Command/Command.php(318): Illuminate\\Console\\Command->execute()
#32 /home/msf_bennett/ctrl.dev/studio.dev/AccellaX 361°/web/backend/vendor/laravel/framework/src/Illuminate/Console/Command.php(182): Symfony\\Component\\Console\\Command\\Command->run()
#33 /home/msf_bennett/ctrl.dev/studio.dev/AccellaX 361°/web/backend/vendor/symfony/console/Application.php(1073): Illuminate\\Console\\Command->run()
#34 /home/msf_bennett/ctrl.dev/studio.dev/AccellaX 361°/web/backend/vendor/symfony/console/Application.php(356): Symfony\\Component\\Console\\Application->doRunCommand()
#35 /home/msf_bennett/ctrl.dev/studio.dev/AccellaX 361°/web/backend/vendor/symfony/console/Application.php(195): Symfony\\Component\\Console\\Application->doRun()
#36 /home/msf_bennett/ctrl.dev/studio.dev/AccellaX 361°/web/backend/vendor/laravel/framework/src/Illuminate/Foundation/Console/Kernel.php(198): Symfony\\Component\\Console\\Application->run()
#37 /home/msf_bennett/ctrl.dev/studio.dev/AccellaX 361°/web/backend/artisan(12): Illuminate\\Foundation\\Console\\Kernel->handle()
#38 {main}
"} 
[2025-11-18 19:57:57] local.ERROR: SQLSTATE[HY000] [1045] Access denied for user 'root'@'localhost' (using password: YES) (Connection: mysql, SQL: select exists (select 1 from information_schema.tables where table_schema = 'accellax_db' and table_name = 'migrations' and table_type in ('BASE TABLE', 'SYSTEM VERSIONED')) as `exists`) {"exception":"[object] (Illuminate\\Database\\QueryException(code: 1045): SQLSTATE[HY000] [1045] Access denied for user 'root'@'localhost' (using password: YES) (Connection: mysql, SQL: select exists (select 1 from information_schema.tables where table_schema = 'accellax_db' and table_name = 'migrations' and table_type in ('BASE TABLE', 'SYSTEM VERSIONED')) as `exists`) at /home/msf_bennett/ctrl.dev/studio.dev/AccellaX 361°/web/backend/vendor/laravel/framework/src/Illuminate/Database/Connection.php:825)
[stacktrace]
#0 /home/msf_bennett/ctrl.dev/studio.dev/AccellaX 361°/web/backend/vendor/laravel/framework/src/Illuminate/Database/Connection.php(779): Illuminate\\Database\\Connection->runQueryCallback()
#1 /home/msf_bennett/ctrl.dev/studio.dev/AccellaX 361°/web/backend/vendor/laravel/framework/src/Illuminate/Database/Connection.php(398): Illuminate\\Database\\Connection->run()
#2 /home/msf_bennett/ctrl.dev/studio.dev/AccellaX 361°/web/backend/vendor/laravel/framework/src/Illuminate/Database/Connection.php(344): Illuminate\\Database\\Connection->select()
#3 /home/msf_bennett/ctrl.dev/studio.dev/AccellaX 361°/web/backend/vendor/laravel/framework/src/Illuminate/Database/Connection.php(361): Illuminate\\Database\\Connection->selectOne()
#4 /home/msf_bennett/ctrl.dev/studio.dev/AccellaX 361°/web/backend/vendor/laravel/framework/src/Illuminate/Database/Schema/MySqlBuilder.php(45): Illuminate\\Database\\Connection->scalar()
#5 /home/msf_bennett/ctrl.dev/studio.dev/AccellaX 361°/web/backend/vendor/laravel/framework/src/Illuminate/Database/Migrations/DatabaseMigrationRepository.php(184): Illuminate\\Database\\Schema\\MySqlBuilder->hasTable()
#6 /home/msf_bennett/ctrl.dev/studio.dev/AccellaX 361°/web/backend/vendor/laravel/framework/src/Illuminate/Database/Migrations/Migrator.php(742): Illuminate\\Database\\Migrations\\DatabaseMigrationRepository->repositoryExists()
#7 /home/msf_bennett/ctrl.dev/studio.dev/AccellaX 361°/web/backend/vendor/laravel/framework/src/Illuminate/Database/Console/Migrations/MigrateCommand.php(165): Illuminate\\Database\\Migrations\\Migrator->repositoryExists()
#8 /home/msf_bennett/ctrl.dev/studio.dev/AccellaX 361°/web/backend/vendor/laravel/framework/src/Illuminate/Support/helpers.php(338): Illuminate\\Database\\Console\\Migrations\\MigrateCommand->{closure:Illuminate\\Database\\Console\\Migrations\\MigrateCommand::repositoryExists():165}()
#9 /home/msf_bennett/ctrl.dev/studio.dev/AccellaX 361°/web/backend/vendor/laravel/framework/src/Illuminate/Database/Console/Migrations/MigrateCommand.php(165): retry()
#10 /home/msf_bennett/ctrl.dev/studio.dev/AccellaX 361°/web/backend/vendor/laravel/framework/src/Illuminate/Database/Console/Migrations/MigrateCommand.php(141): Illuminate\\Database\\Console\\Migrations\\MigrateCommand->repositoryExists()
#11 /home/msf_bennett/ctrl.dev/studio.dev/AccellaX 361°/web/backend/vendor/laravel/framework/src/Illuminate/Database/Console/Migrations/MigrateCommand.php(111): Illuminate\\Database\\Console\\Migrations\\MigrateCommand->prepareDatabase()
#12 /home/msf_bennett/ctrl.dev/studio.dev/AccellaX 361°/web/backend/vendor/laravel/framework/src/Illuminate/Database/Migrations/Migrator.php(658): Illuminate\\Database\\Console\\Migrations\\MigrateCommand->{closure:Illuminate\\Database\\Console\\Migrations\\MigrateCommand::runMigrations():110}()
#13 /home/msf_bennett/ctrl.dev/studio.dev/AccellaX 361°/web/backend/vendor/laravel/framework/src/Illuminate/Database/Console/Migrations/MigrateCommand.php(110): Illuminate\\Database\\Migrations\\Migrator->usingConnection()
#14 /home/msf_bennett/ctrl.dev/studio.dev/AccellaX 361°/web/backend/vendor/laravel/framework/src/Illuminate/Database/Console/Migrations/MigrateCommand.php(89): Illuminate\\Database\\Console\\Migrations\\MigrateCommand->runMigrations()
#15 /home/msf_bennett/ctrl.dev/studio.dev/AccellaX 361°/web/backend/vendor/laravel/framework/src/Illuminate/Container/BoundMethod.php(36): Illuminate\\Database\\Console\\Migrations\\MigrateCommand->handle()
#16 /home/msf_bennett/ctrl.dev/studio.dev/AccellaX 361°/web/backend/vendor/laravel/framework/src/Illuminate/Container/Util.php(43): Illuminate\\Container\\BoundMethod::{closure:Illuminate\\Container\\BoundMethod::call():35}()
#17 /home/msf_bennett/ctrl.dev/studio.dev/AccellaX 361°/web/backend/vendor/laravel/framework/src/Illuminate/Container/BoundMethod.php(95): Illuminate\\Container\\Util::unwrapIfClosure()
#18 /home/msf_bennett/ctrl.dev/studio.dev/AccellaX 361°/web/backend/vendor/laravel/framework/src/Illuminate/Container/BoundMethod.php(35): Illuminate\\Container\\BoundMethod::callBoundMethod()
#19 /home/msf_bennett/ctrl.dev/studio.dev/AccellaX 361°/web/backend/vendor/laravel/framework/src/Illuminate/Container/Container.php(696): Illuminate\\Container\\BoundMethod::call()
#20 /home/msf_bennett/ctrl.dev/studio.dev/AccellaX 361°/web/backend/vendor/laravel/framework/src/Illuminate/Console/Command.php(213): Illuminate\\Container\\Container->call()
#21 /home/msf_bennett/ctrl.dev/studio.dev/AccellaX 361°/web/backend/vendor/symfony/console/Command/Command.php(318): Illuminate\\Console\\Command->execute()
#22 /home/msf_bennett/ctrl.dev/studio.dev/AccellaX 361°/web/backend/vendor/laravel/framework/src/Illuminate/Console/Command.php(182): Symfony\\Component\\Console\\Command\\Command->run()
#23 /home/msf_bennett/ctrl.dev/studio.dev/AccellaX 361°/web/backend/vendor/symfony/console/Application.php(1073): Illuminate\\Console\\Command->run()
#24 /home/msf_bennett/ctrl.dev/studio.dev/AccellaX 361°/web/backend/vendor/symfony/console/Application.php(356): Symfony\\Component\\Console\\Application->doRunCommand()
#25 /home/msf_bennett/ctrl.dev/studio.dev/AccellaX 361°/web/backend/vendor/symfony/console/Application.php(195): Symfony\\Component\\Console\\Application->doRun()
#26 /home/msf_bennett/ctrl.dev/studio.dev/AccellaX 361°/web/backend/vendor/laravel/framework/src/Illuminate/Foundation/Console/Kernel.php(198): Symfony\\Component\\Console\\Application->run()
#27 /home/msf_bennett/ctrl.dev/studio.dev/AccellaX 361°/web/backend/artisan(12): Illuminate\\Foundation\\Console\\Kernel->handle()
#28 {main}

[previous exception] [object] (PDOException(code: 1045): SQLSTATE[HY000] [1045] Access denied for user 'root'@'localhost' (using password: YES) at /home/msf_bennett/ctrl.dev/studio.dev/AccellaX 361°/web/backend/vendor/laravel/framework/src/Illuminate/Database/Connectors/Connector.php:67)
[stacktrace]
#0 /home/msf_bennett/ctrl.dev/studio.dev/AccellaX 361°/web/backend/vendor/laravel/framework/src/Illuminate/Database/Connectors/Connector.php(67): PDO::connect()
#1 /home/msf_bennett/ctrl.dev/studio.dev/AccellaX 361°/web/backend/vendor/laravel/framework/src/Illuminate/Database/Connectors/Connector.php(44): Illuminate\\Database\\Connectors\\Connector->createPdoConnection()
#2 /home/msf_bennett/ctrl.dev/studio.dev/AccellaX 361°/web/backend/vendor/laravel/framework/src/Illuminate/Database/Connectors/MySqlConnector.php(24): Illuminate\\Database\\Connectors\\Connector->createConnection()
#3 /home/msf_bennett/ctrl.dev/studio.dev/AccellaX 361°/web/backend/vendor/laravel/framework/src/Illuminate/Database/Connectors/ConnectionFactory.php(185): Illuminate\\Database\\Connectors\\MySqlConnector->connect()
#4 [internal function]: Illuminate\\Database\\Connectors\\ConnectionFactory->{closure:Illuminate\\Database\\Connectors\\ConnectionFactory::createPdoResolverWithHosts():180}()
#5 /home/msf_bennett/ctrl.dev/studio.dev/AccellaX 361°/web/backend/vendor/laravel/framework/src/Illuminate/Database/Connection.php(1231): call_user_func()
#6 /home/msf_bennett/ctrl.dev/studio.dev/AccellaX 361°/web/backend/vendor/laravel/framework/src/Illuminate/Database/Connection.php(1267): Illuminate\\Database\\Connection->getPdo()
#7 /home/msf_bennett/ctrl.dev/studio.dev/AccellaX 361°/web/backend/vendor/laravel/framework/src/Illuminate/Database/Connection.php(512): Illuminate\\Database\\Connection->getReadPdo()
#8 /home/msf_bennett/ctrl.dev/studio.dev/AccellaX 361°/web/backend/vendor/laravel/framework/src/Illuminate/Database/Connection.php(407): Illuminate\\Database\\Connection->getPdoForSelect()
#9 /home/msf_bennett/ctrl.dev/studio.dev/AccellaX 361°/web/backend/vendor/laravel/framework/src/Illuminate/Database/Connection.php(812): Illuminate\\Database\\Connection->{closure:Illuminate\\Database\\Connection::select():398}()
#10 /home/msf_bennett/ctrl.dev/studio.dev/AccellaX 361°/web/backend/vendor/laravel/framework/src/Illuminate/Database/Connection.php(779): Illuminate\\Database\\Connection->runQueryCallback()
#11 /home/msf_bennett/ctrl.dev/studio.dev/AccellaX 361°/web/backend/vendor/laravel/framework/src/Illuminate/Database/Connection.php(398): Illuminate\\Database\\Connection->run()
#12 /home/msf_bennett/ctrl.dev/studio.dev/AccellaX 361°/web/backend/vendor/laravel/framework/src/Illuminate/Database/Connection.php(344): Illuminate\\Database\\Connection->select()
#13 /home/msf_bennett/ctrl.dev/studio.dev/AccellaX 361°/web/backend/vendor/laravel/framework/src/Illuminate/Database/Connection.php(361): Illuminate\\Database\\Connection->selectOne()
#14 /home/msf_bennett/ctrl.dev/studio.dev/AccellaX 361°/web/backend/vendor/laravel/framework/src/Illuminate/Database/Schema/MySqlBuilder.php(45): Illuminate\\Database\\Connection->scalar()
#15 /home/msf_bennett/ctrl.dev/studio.dev/AccellaX 361°/web/backend/vendor/laravel/framework/src/Illuminate/Database/Migrations/DatabaseMigrationRepository.php(184): Illuminate\\Database\\Schema\\MySqlBuilder->hasTable()
#16 /home/msf_bennett/ctrl.dev/studio.dev/AccellaX 361°/web/backend/vendor/laravel/framework/src/Illuminate/Database/Migrations/Migrator.php(742): Illuminate\\Database\\Migrations\\DatabaseMigrationRepository->repositoryExists()
#17 /home/msf_bennett/ctrl.dev/studio.dev/AccellaX 361°/web/backend/vendor/laravel/framework/src/Illuminate/Database/Console/Migrations/MigrateCommand.php(165): Illuminate\\Database\\Migrations\\Migrator->repositoryExists()
#18 /home/msf_bennett/ctrl.dev/studio.dev/AccellaX 361°/web/backend/vendor/laravel/framework/src/Illuminate/Support/helpers.php(338): Illuminate\\Database\\Console\\Migrations\\MigrateCommand->{closure:Illuminate\\Database\\Console\\Migrations\\MigrateCommand::repositoryExists():165}()
#19 /home/msf_bennett/ctrl.dev/studio.dev/AccellaX 361°/web/backend/vendor/laravel/framework/src/Illuminate/Database/Console/Migrations/MigrateCommand.php(165): retry()
#20 /home/msf_bennett/ctrl.dev/studio.dev/AccellaX 361°/web/backend/vendor/laravel/framework/src/Illuminate/Database/Console/Migrations/MigrateCommand.php(141): Illuminate\\Database\\Console\\Migrations\\MigrateCommand->repositoryExists()
#21 /home/msf_bennett/ctrl.dev/studio.dev/AccellaX 361°/web/backend/vendor/laravel/framework/src/Illuminate/Database/Console/Migrations/MigrateCommand.php(111): Illuminate\\Database\\Console\\Migrations\\MigrateCommand->prepareDatabase()
#22 /home/msf_bennett/ctrl.dev/studio.dev/AccellaX 361°/web/backend/vendor/laravel/framework/src/Illuminate/Database/Migrations/Migrator.php(658): Illuminate\\Database\\Console\\Migrations\\MigrateCommand->{closure:Illuminate\\Database\\Console\\Migrations\\MigrateCommand::runMigrations():110}()
#23 /home/msf_bennett/ctrl.dev/studio.dev/AccellaX 361°/web/backend/vendor/laravel/framework/src/Illuminate/Database/Console/Migrations/MigrateCommand.php(110): Illuminate\\Database\\Migrations\\Migrator->usingConnection()
#24 /home/msf_bennett/ctrl.dev/studio.dev/AccellaX 361°/web/backend/vendor/laravel/framework/src/Illuminate/Database/Console/Migrations/MigrateCommand.php(89): Illuminate\\Database\\Console\\Migrations\\MigrateCommand->runMigrations()
#25 /home/msf_bennett/ctrl.dev/studio.dev/AccellaX 361°/web/backend/vendor/laravel/framework/src/Illuminate/Container/BoundMethod.php(36): Illuminate\\Database\\Console\\Migrations\\MigrateCommand->handle()
#26 /home/msf_bennett/ctrl.dev/studio.dev/AccellaX 361°/web/backend/vendor/laravel/framework/src/Illuminate/Container/Util.php(43): Illuminate\\Container\\BoundMethod::{closure:Illuminate\\Container\\BoundMethod::call():35}()
#27 /home/msf_bennett/ctrl.dev/studio.dev/AccellaX 361°/web/backend/vendor/laravel/framework/src/Illuminate/Container/BoundMethod.php(95): Illuminate\\Container\\Util::unwrapIfClosure()
#28 /home/msf_bennett/ctrl.dev/studio.dev/AccellaX 361°/web/backend/vendor/laravel/framework/src/Illuminate/Container/BoundMethod.php(35): Illuminate\\Container\\BoundMethod::callBoundMethod()
#29 /home/msf_bennett/ctrl.dev/studio.dev/AccellaX 361°/web/backend/vendor/laravel/framework/src/Illuminate/Container/Container.php(696): Illuminate\\Container\\BoundMethod::call()
#30 /home/msf_bennett/ctrl.dev/studio.dev/AccellaX 361°/web/backend/vendor/laravel/framework/src/Illuminate/Console/Command.php(213): Illuminate\\Container\\Container->call()
#31 /home/msf_bennett/ctrl.dev/studio.dev/AccellaX 361°/web/backend/vendor/symfony/console/Command/Command.php(318): Illuminate\\Console\\Command->execute()
#32 /home/msf_bennett/ctrl.dev/studio.dev/AccellaX 361°/web/backend/vendor/laravel/framework/src/Illuminate/Console/Command.php(182): Symfony\\Component\\Console\\Command\\Command->run()
#33 /home/msf_bennett/ctrl.dev/studio.dev/AccellaX 361°/web/backend/vendor/symfony/console/Application.php(1073): Illuminate\\Console\\Command->run()
#34 /home/msf_bennett/ctrl.dev/studio.dev/AccellaX 361°/web/backend/vendor/symfony/console/Application.php(356): Symfony\\Component\\Console\\Application->doRunCommand()
#35 /home/msf_bennett/ctrl.dev/studio.dev/AccellaX 361°/web/backend/vendor/symfony/console/Application.php(195): Symfony\\Component\\Console\\Application->doRun()
#36 /home/msf_bennett/ctrl.dev/studio.dev/AccellaX 361°/web/backend/vendor/laravel/framework/src/Illuminate/Foundation/Console/Kernel.php(198): Symfony\\Component\\Console\\Application->run()
#37 /home/msf_bennett/ctrl.dev/studio.dev/AccellaX 361°/web/backend/artisan(12): Illuminate\\Foundation\\Console\\Kernel->handle()
#38 {main}
"} 
[2025-11-18 20:01:47] local.ERROR: SQLSTATE[HY000] [2006] MySQL server has gone away (Connection: mysql, SQL: select exists (select 1 from information_schema.tables where table_schema = 'railway' and table_name = 'migrations' and table_type in ('BASE TABLE', 'SYSTEM VERSIONED')) as `exists`) {"exception":"[object] (Illuminate\\Database\\QueryException(code: 2006): SQLSTATE[HY000] [2006] MySQL server has gone away (Connection: mysql, SQL: select exists (select 1 from information_schema.tables where table_schema = 'railway' and table_name = 'migrations' and table_type in ('BASE TABLE', 'SYSTEM VERSIONED')) as `exists`) at /home/msf_bennett/ctrl.dev/studio.dev/AccellaX 361°/web/backend/vendor/laravel/framework/src/Illuminate/Database/Connection.php:825)
[stacktrace]
#0 /home/msf_bennett/ctrl.dev/studio.dev/AccellaX 361°/web/backend/vendor/laravel/framework/src/Illuminate/Database/Connection.php(979): Illuminate\\Database\\Connection->runQueryCallback()
#1 /home/msf_bennett/ctrl.dev/studio.dev/AccellaX 361°/web/backend/vendor/laravel/framework/src/Illuminate/Database/Connection.php(958): Illuminate\\Database\\Connection->tryAgainIfCausedByLostConnection()
#2 /home/msf_bennett/ctrl.dev/studio.dev/AccellaX 361°/web/backend/vendor/laravel/framework/src/Illuminate/Database/Connection.php(781): Illuminate\\Database\\Connection->handleQueryException()
#3 /home/msf_bennett/ctrl.dev/studio.dev/AccellaX 361°/web/backend/vendor/laravel/framework/src/Illuminate/Database/Connection.php(398): Illuminate\\Database\\Connection->run()
#4 /home/msf_bennett/ctrl.dev/studio.dev/AccellaX 361°/web/backend/vendor/laravel/framework/src/Illuminate/Database/Connection.php(344): Illuminate\\Database\\Connection->select()
#5 /home/msf_bennett/ctrl.dev/studio.dev/AccellaX 361°/web/backend/vendor/laravel/framework/src/Illuminate/Database/Connection.php(361): Illuminate\\Database\\Connection->selectOne()
#6 /home/msf_bennett/ctrl.dev/studio.dev/AccellaX 361°/web/backend/vendor/laravel/framework/src/Illuminate/Database/Schema/MySqlBuilder.php(45): Illuminate\\Database\\Connection->scalar()
#7 /home/msf_bennett/ctrl.dev/studio.dev/AccellaX 361°/web/backend/vendor/laravel/framework/src/Illuminate/Database/Migrations/DatabaseMigrationRepository.php(184): Illuminate\\Database\\Schema\\MySqlBuilder->hasTable()
#8 /home/msf_bennett/ctrl.dev/studio.dev/AccellaX 361°/web/backend/vendor/laravel/framework/src/Illuminate/Database/Migrations/Migrator.php(742): Illuminate\\Database\\Migrations\\DatabaseMigrationRepository->repositoryExists()
#9 /home/msf_bennett/ctrl.dev/studio.dev/AccellaX 361°/web/backend/vendor/laravel/framework/src/Illuminate/Database/Console/Migrations/MigrateCommand.php(165): Illuminate\\Database\\Migrations\\Migrator->repositoryExists()
#10 /home/msf_bennett/ctrl.dev/studio.dev/AccellaX 361°/web/backend/vendor/laravel/framework/src/Illuminate/Support/helpers.php(338): Illuminate\\Database\\Console\\Migrations\\MigrateCommand->{closure:Illuminate\\Database\\Console\\Migrations\\MigrateCommand::repositoryExists():165}()
#11 /home/msf_bennett/ctrl.dev/studio.dev/AccellaX 361°/web/backend/vendor/laravel/framework/src/Illuminate/Database/Console/Migrations/MigrateCommand.php(165): retry()
#12 /home/msf_bennett/ctrl.dev/studio.dev/AccellaX 361°/web/backend/vendor/laravel/framework/src/Illuminate/Database/Console/Migrations/MigrateCommand.php(141): Illuminate\\Database\\Console\\Migrations\\MigrateCommand->repositoryExists()
#13 /home/msf_bennett/ctrl.dev/studio.dev/AccellaX 361°/web/backend/vendor/laravel/framework/src/Illuminate/Database/Console/Migrations/MigrateCommand.php(111): Illuminate\\Database\\Console\\Migrations\\MigrateCommand->prepareDatabase()
#14 /home/msf_bennett/ctrl.dev/studio.dev/AccellaX 361°/web/backend/vendor/laravel/framework/src/Illuminate/Database/Migrations/Migrator.php(658): Illuminate\\Database\\Console\\Migrations\\MigrateCommand->{closure:Illuminate\\Database\\Console\\Migrations\\MigrateCommand::runMigrations():110}()
#15 /home/msf_bennett/ctrl.dev/studio.dev/AccellaX 361°/web/backend/vendor/laravel/framework/src/Illuminate/Database/Console/Migrations/MigrateCommand.php(110): Illuminate\\Database\\Migrations\\Migrator->usingConnection()
#16 /home/msf_bennett/ctrl.dev/studio.dev/AccellaX 361°/web/backend/vendor/laravel/framework/src/Illuminate/Database/Console/Migrations/MigrateCommand.php(89): Illuminate\\Database\\Console\\Migrations\\MigrateCommand->runMigrations()
#17 /home/msf_bennett/ctrl.dev/studio.dev/AccellaX 361°/web/backend/vendor/laravel/framework/src/Illuminate/Container/BoundMethod.php(36): Illuminate\\Database\\Console\\Migrations\\MigrateCommand->handle()
#18 /home/msf_bennett/ctrl.dev/studio.dev/AccellaX 361°/web/backend/vendor/laravel/framework/src/Illuminate/Container/Util.php(43): Illuminate\\Container\\BoundMethod::{closure:Illuminate\\Container\\BoundMethod::call():35}()
#19 /home/msf_bennett/ctrl.dev/studio.dev/AccellaX 361°/web/backend/vendor/laravel/framework/src/Illuminate/Container/BoundMethod.php(95): Illuminate\\Container\\Util::unwrapIfClosure()
#20 /home/msf_bennett/ctrl.dev/studio.dev/AccellaX 361°/web/backend/vendor/laravel/framework/src/Illuminate/Container/BoundMethod.php(35): Illuminate\\Container\\BoundMethod::callBoundMethod()
#21 /home/msf_bennett/ctrl.dev/studio.dev/AccellaX 361°/web/backend/vendor/laravel/framework/src/Illuminate/Container/Container.php(696): Illuminate\\Container\\BoundMethod::call()
#22 /home/msf_bennett/ctrl.dev/studio.dev/AccellaX 361°/web/backend/vendor/laravel/framework/src/Illuminate/Console/Command.php(213): Illuminate\\Container\\Container->call()
#23 /home/msf_bennett/ctrl.dev/studio.dev/AccellaX 361°/web/backend/vendor/symfony/console/Command/Command.php(318): Illuminate\\Console\\Command->execute()
#24 /home/msf_bennett/ctrl.dev/studio.dev/AccellaX 361°/web/backend/vendor/laravel/framework/src/Illuminate/Console/Command.php(182): Symfony\\Component\\Console\\Command\\Command->run()
#25 /home/msf_bennett/ctrl.dev/studio.dev/AccellaX 361°/web/backend/vendor/symfony/console/Application.php(1073): Illuminate\\Console\\Command->run()
#26 /home/msf_bennett/ctrl.dev/studio.dev/AccellaX 361°/web/backend/vendor/symfony/console/Application.php(356): Symfony\\Component\\Console\\Application->doRunCommand()
#27 /home/msf_bennett/ctrl.dev/studio.dev/AccellaX 361°/web/backend/vendor/symfony/console/Application.php(195): Symfony\\Component\\Console\\Application->doRun()
#28 /home/msf_bennett/ctrl.dev/studio.dev/AccellaX 361°/web/backend/vendor/laravel/framework/src/Illuminate/Foundation/Console/Kernel.php(198): Symfony\\Component\\Console\\Application->run()
#29 /home/msf_bennett/ctrl.dev/studio.dev/AccellaX 361°/web/backend/artisan(12): Illuminate\\Foundation\\Console\\Kernel->handle()
#30 {main}

[previous exception] [object] (PDOException(code: 2006): SQLSTATE[HY000] [2006] MySQL server has gone away at /home/msf_bennett/ctrl.dev/studio.dev/AccellaX 361°/web/backend/vendor/laravel/framework/src/Illuminate/Database/Connectors/Connector.php:67)
[stacktrace]
#0 /home/msf_bennett/ctrl.dev/studio.dev/AccellaX 361°/web/backend/vendor/laravel/framework/src/Illuminate/Database/Connectors/Connector.php(67): PDO::connect()
#1 /home/msf_bennett/ctrl.dev/studio.dev/AccellaX 361°/web/backend/vendor/laravel/framework/src/Illuminate/Database/Connectors/Connector.php(85): Illuminate\\Database\\Connectors\\Connector->createPdoConnection()
#2 /home/msf_bennett/ctrl.dev/studio.dev/AccellaX 361°/web/backend/vendor/laravel/framework/src/Illuminate/Database/Connectors/Connector.php(48): Illuminate\\Database\\Connectors\\Connector->tryAgainIfCausedByLostConnection()
#3 /home/msf_bennett/ctrl.dev/studio.dev/AccellaX 361°/web/backend/vendor/laravel/framework/src/Illuminate/Database/Connectors/MySqlConnector.php(24): Illuminate\\Database\\Connectors\\Connector->createConnection()
#4 /home/msf_bennett/ctrl.dev/studio.dev/AccellaX 361°/web/backend/vendor/laravel/framework/src/Illuminate/Database/Connectors/ConnectionFactory.php(185): Illuminate\\Database\\Connectors\\MySqlConnector->connect()
#5 [internal function]: Illuminate\\Database\\Connectors\\ConnectionFactory->{closure:Illuminate\\Database\\Connectors\\ConnectionFactory::createPdoResolverWithHosts():180}()
#6 /home/msf_bennett/ctrl.dev/studio.dev/AccellaX 361°/web/backend/vendor/laravel/framework/src/Illuminate/Database/Connection.php(1231): call_user_func()
#7 /home/msf_bennett/ctrl.dev/studio.dev/AccellaX 361°/web/backend/vendor/laravel/framework/src/Illuminate/Database/Connection.php(1267): Illuminate\\Database\\Connection->getPdo()
#8 /home/msf_bennett/ctrl.dev/studio.dev/AccellaX 361°/web/backend/vendor/laravel/framework/src/Illuminate/Database/Connection.php(512): Illuminate\\Database\\Connection->getReadPdo()
#9 /home/msf_bennett/ctrl.dev/studio.dev/AccellaX 361°/web/backend/vendor/laravel/framework/src/Illuminate/Database/Connection.php(407): Illuminate\\Database\\Connection->getPdoForSelect()
#10 /home/msf_bennett/ctrl.dev/studio.dev/AccellaX 361°/web/backend/vendor/laravel/framework/src/Illuminate/Database/Connection.php(812): Illuminate\\Database\\Connection->{closure:Illuminate\\Database\\Connection::select():398}()
#11 /home/msf_bennett/ctrl.dev/studio.dev/AccellaX 361°/web/backend/vendor/laravel/framework/src/Illuminate/Database/Connection.php(979): Illuminate\\Database\\Connection->runQueryCallback()
#12 /home/msf_bennett/ctrl.dev/studio.dev/AccellaX 361°/web/backend/vendor/laravel/framework/src/Illuminate/Database/Connection.php(958): Illuminate\\Database\\Connection->tryAgainIfCausedByLostConnection()
#13 /home/msf_bennett/ctrl.dev/studio.dev/AccellaX 361°/web/backend/vendor/laravel/framework/src/Illuminate/Database/Connection.php(781): Illuminate\\Database\\Connection->handleQueryException()
#14 /home/msf_bennett/ctrl.dev/studio.dev/AccellaX 361°/web/backend/vendor/laravel/framework/src/Illuminate/Database/Connection.php(398): Illuminate\\Database\\Connection->run()
#15 /home/msf_bennett/ctrl.dev/studio.dev/AccellaX 361°/web/backend/vendor/laravel/framework/src/Illuminate/Database/Connection.php(344): Illuminate\\Database\\Connection->select()
#16 /home/msf_bennett/ctrl.dev/studio.dev/AccellaX 361°/web/backend/vendor/laravel/framework/src/Illuminate/Database/Connection.php(361): Illuminate\\Database\\Connection->selectOne()
#17 /home/msf_bennett/ctrl.dev/studio.dev/AccellaX 361°/web/backend/vendor/laravel/framework/src/Illuminate/Database/Schema/MySqlBuilder.php(45): Illuminate\\Database\\Connection->scalar()
#18 /home/msf_bennett/ctrl.dev/studio.dev/AccellaX 361°/web/backend/vendor/laravel/framework/src/Illuminate/Database/Migrations/DatabaseMigrationRepository.php(184): Illuminate\\Database\\Schema\\MySqlBuilder->hasTable()
#19 /home/msf_bennett/ctrl.dev/studio.dev/AccellaX 361°/web/backend/vendor/laravel/framework/src/Illuminate/Database/Migrations/Migrator.php(742): Illuminate\\Database\\Migrations\\DatabaseMigrationRepository->repositoryExists()
#20 /home/msf_bennett/ctrl.dev/studio.dev/AccellaX 361°/web/backend/vendor/laravel/framework/src/Illuminate/Database/Console/Migrations/MigrateCommand.php(165): Illuminate\\Database\\Migrations\\Migrator->repositoryExists()
#21 /home/msf_bennett/ctrl.dev/studio.dev/AccellaX 361°/web/backend/vendor/laravel/framework/src/Illuminate/Support/helpers.php(338): Illuminate\\Database\\Console\\Migrations\\MigrateCommand->{closure:Illuminate\\Database\\Console\\Migrations\\MigrateCommand::repositoryExists():165}()
#22 /home/msf_bennett/ctrl.dev/studio.dev/AccellaX 361°/web/backend/vendor/laravel/framework/src/Illuminate/Database/Console/Migrations/MigrateCommand.php(165): retry()
#23 /home/msf_bennett/ctrl.dev/studio.dev/AccellaX 361°/web/backend/vendor/laravel/framework/src/Illuminate/Database/Console/Migrations/MigrateCommand.php(141): Illuminate\\Database\\Console\\Migrations\\MigrateCommand->repositoryExists()
#24 /home/msf_bennett/ctrl.dev/studio.dev/AccellaX 361°/web/backend/vendor/laravel/framework/src/Illuminate/Database/Console/Migrations/MigrateCommand.php(111): Illuminate\\Database\\Console\\Migrations\\MigrateCommand->prepareDatabase()
#25 /home/msf_bennett/ctrl.dev/studio.dev/AccellaX 361°/web/backend/vendor/laravel/framework/src/Illuminate/Database/Migrations/Migrator.php(658): Illuminate\\Database\\Console\\Migrations\\MigrateCommand->{closure:Illuminate\\Database\\Console\\Migrations\\MigrateCommand::runMigrations():110}()
#26 /home/msf_bennett/ctrl.dev/studio.dev/AccellaX 361°/web/backend/vendor/laravel/framework/src/Illuminate/Database/Console/Migrations/MigrateCommand.php(110): Illuminate\\Database\\Migrations\\Migrator->usingConnection()
#27 /home/msf_bennett/ctrl.dev/studio.dev/AccellaX 361°/web/backend/vendor/laravel/framework/src/Illuminate/Database/Console/Migrations/MigrateCommand.php(89): Illuminate\\Database\\Console\\Migrations\\MigrateCommand->runMigrations()
#28 /home/msf_bennett/ctrl.dev/studio.dev/AccellaX 361°/web/backend/vendor/laravel/framework/src/Illuminate/Container/BoundMethod.php(36): Illuminate\\Database\\Console\\Migrations\\MigrateCommand->handle()
#29 /home/msf_bennett/ctrl.dev/studio.dev/AccellaX 361°/web/backend/vendor/laravel/framework/src/Illuminate/Container/Util.php(43): Illuminate\\Container\\BoundMethod::{closure:Illuminate\\Container\\BoundMethod::call():35}()
#30 /home/msf_bennett/ctrl.dev/studio.dev/AccellaX 361°/web/backend/vendor/laravel/framework/src/Illuminate/Container/BoundMethod.php(95): Illuminate\\Container\\Util::unwrapIfClosure()
#31 /home/msf_bennett/ctrl.dev/studio.dev/AccellaX 361°/web/backend/vendor/laravel/framework/src/Illuminate/Container/BoundMethod.php(35): Illuminate\\Container\\BoundMethod::callBoundMethod()
#32 /home/msf_bennett/ctrl.dev/studio.dev/AccellaX 361°/web/backend/vendor/laravel/framework/src/Illuminate/Container/Container.php(696): Illuminate\\Container\\BoundMethod::call()
#33 /home/msf_bennett/ctrl.dev/studio.dev/AccellaX 361°/web/backend/vendor/laravel/framework/src/Illuminate/Console/Command.php(213): Illuminate\\Container\\Container->call()
#34 /home/msf_bennett/ctrl.dev/studio.dev/AccellaX 361°/web/backend/vendor/symfony/console/Command/Command.php(318): Illuminate\\Console\\Command->execute()
#35 /home/msf_bennett/ctrl.dev/studio.dev/AccellaX 361°/web/backend/vendor/laravel/framework/src/Illuminate/Console/Command.php(182): Symfony\\Component\\Console\\Command\\Command->run()
#36 /home/msf_bennett/ctrl.dev/studio.dev/AccellaX 361°/web/backend/vendor/symfony/console/Application.php(1073): Illuminate\\Console\\Command->run()
#37 /home/msf_bennett/ctrl.dev/studio.dev/AccellaX 361°/web/backend/vendor/symfony/console/Application.php(356): Symfony\\Component\\Console\\Application->doRunCommand()
#38 /home/msf_bennett/ctrl.dev/studio.dev/AccellaX 361°/web/backend/vendor/symfony/console/Application.php(195): Symfony\\Component\\Console\\Application->doRun()
#39 /home/msf_bennett/ctrl.dev/studio.dev/AccellaX 361°/web/backend/vendor/laravel/framework/src/Illuminate/Foundation/Console/Kernel.php(198): Symfony\\Component\\Console\\Application->run()
#40 /home/msf_bennett/ctrl.dev/studio.dev/AccellaX 361°/web/backend/artisan(12): Illuminate\\Foundation\\Console\\Kernel->handle()
#41 {main}

[previous exception] [object] (PDOException(code: 0): PDO::connect(): Error while reading greeting packet. PID=20110 at /home/msf_bennett/ctrl.dev/studio.dev/AccellaX 361°/web/backend/vendor/laravel/framework/src/Illuminate/Database/Connectors/Connector.php:67)
[stacktrace]
#0 /home/msf_bennett/ctrl.dev/studio.dev/AccellaX 361°/web/backend/vendor/laravel/framework/src/Illuminate/Database/Connectors/Connector.php(67): PDO::connect()
#1 /home/msf_bennett/ctrl.dev/studio.dev/AccellaX 361°/web/backend/vendor/laravel/framework/src/Illuminate/Database/Connectors/Connector.php(85): Illuminate\\Database\\Connectors\\Connector->createPdoConnection()
#2 /home/msf_bennett/ctrl.dev/studio.dev/AccellaX 361°/web/backend/vendor/laravel/framework/src/Illuminate/Database/Connectors/Connector.php(48): Illuminate\\Database\\Connectors\\Connector->tryAgainIfCausedByLostConnection()
#3 /home/msf_bennett/ctrl.dev/studio.dev/AccellaX 361°/web/backend/vendor/laravel/framework/src/Illuminate/Database/Connectors/MySqlConnector.php(24): Illuminate\\Database\\Connectors\\Connector->createConnection()
#4 /home/msf_bennett/ctrl.dev/studio.dev/AccellaX 361°/web/backend/vendor/laravel/framework/src/Illuminate/Database/Connectors/ConnectionFactory.php(185): Illuminate\\Database\\Connectors\\MySqlConnector->connect()
#5 [internal function]: Illuminate\\Database\\Connectors\\ConnectionFactory->{closure:Illuminate\\Database\\Connectors\\ConnectionFactory::createPdoResolverWithHosts():180}()
#6 /home/msf_bennett/ctrl.dev/studio.dev/AccellaX 361°/web/backend/vendor/laravel/framework/src/Illuminate/Database/Connection.php(1231): call_user_func()
#7 /home/msf_bennett/ctrl.dev/studio.dev/AccellaX 361°/web/backend/vendor/laravel/framework/src/Illuminate/Database/Connection.php(1267): Illuminate\\Database\\Connection->getPdo()
#8 /home/msf_bennett/ctrl.dev/studio.dev/AccellaX 361°/web/backend/vendor/laravel/framework/src/Illuminate/Database/Connection.php(512): Illuminate\\Database\\Connection->getReadPdo()
#9 /home/msf_bennett/ctrl.dev/studio.dev/AccellaX 361°/web/backend/vendor/laravel/framework/src/Illuminate/Database/Connection.php(407): Illuminate\\Database\\Connection->getPdoForSelect()
#10 /home/msf_bennett/ctrl.dev/studio.dev/AccellaX 361°/web/backend/vendor/laravel/framework/src/Illuminate/Database/Connection.php(812): Illuminate\\Database\\Connection->{closure:Illuminate\\Database\\Connection::select():398}()
#11 /home/msf_bennett/ctrl.dev/studio.dev/AccellaX 361°/web/backend/vendor/laravel/framework/src/Illuminate/Database/Connection.php(979): Illuminate\\Database\\Connection->runQueryCallback()
#12 /home/msf_bennett/ctrl.dev/studio.dev/AccellaX 361°/web/backend/vendor/laravel/framework/src/Illuminate/Database/Connection.php(958): Illuminate\\Database\\Connection->tryAgainIfCausedByLostConnection()
#13 /home/msf_bennett/ctrl.dev/studio.dev/AccellaX 361°/web/backend/vendor/laravel/framework/src/Illuminate/Database/Connection.php(781): Illuminate\\Database\\Connection->handleQueryException()
#14 /home/msf_bennett/ctrl.dev/studio.dev/AccellaX 361°/web/backend/vendor/laravel/framework/src/Illuminate/Database/Connection.php(398): Illuminate\\Database\\Connection->run()
#15 /home/msf_bennett/ctrl.dev/studio.dev/AccellaX 361°/web/backend/vendor/laravel/framework/src/Illuminate/Database/Connection.php(344): Illuminate\\Database\\Connection->select()
#16 /home/msf_bennett/ctrl.dev/studio.dev/AccellaX 361°/web/backend/vendor/laravel/framework/src/Illuminate/Database/Connection.php(361): Illuminate\\Database\\Connection->selectOne()
#17 /home/msf_bennett/ctrl.dev/studio.dev/AccellaX 361°/web/backend/vendor/laravel/framework/src/Illuminate/Database/Schema/MySqlBuilder.php(45): Illuminate\\Database\\Connection->scalar()
#18 /home/msf_bennett/ctrl.dev/studio.dev/AccellaX 361°/web/backend/vendor/laravel/framework/src/Illuminate/Database/Migrations/DatabaseMigrationRepository.php(184): Illuminate\\Database\\Schema\\MySqlBuilder->hasTable()
#19 /home/msf_bennett/ctrl.dev/studio.dev/AccellaX 361°/web/backend/vendor/laravel/framework/src/Illuminate/Database/Migrations/Migrator.php(742): Illuminate\\Database\\Migrations\\DatabaseMigrationRepository->repositoryExists()
#20 /home/msf_bennett/ctrl.dev/studio.dev/AccellaX 361°/web/backend/vendor/laravel/framework/src/Illuminate/Database/Console/Migrations/MigrateCommand.php(165): Illuminate\\Database\\Migrations\\Migrator->repositoryExists()
#21 /home/msf_bennett/ctrl.dev/studio.dev/AccellaX 361°/web/backend/vendor/laravel/framework/src/Illuminate/Support/helpers.php(338): Illuminate\\Database\\Console\\Migrations\\MigrateCommand->{closure:Illuminate\\Database\\Console\\Migrations\\MigrateCommand::repositoryExists():165}()
#22 /home/msf_bennett/ctrl.dev/studio.dev/AccellaX 361°/web/backend/vendor/laravel/framework/src/Illuminate/Database/Console/Migrations/MigrateCommand.php(165): retry()
#23 /home/msf_bennett/ctrl.dev/studio.dev/AccellaX 361°/web/backend/vendor/laravel/framework/src/Illuminate/Database/Console/Migrations/MigrateCommand.php(141): Illuminate\\Database\\Console\\Migrations\\MigrateCommand->repositoryExists()
#24 /home/msf_bennett/ctrl.dev/studio.dev/AccellaX 361°/web/backend/vendor/laravel/framework/src/Illuminate/Database/Console/Migrations/MigrateCommand.php(111): Illuminate\\Database\\Console\\Migrations\\MigrateCommand->prepareDatabase()
#25 /home/msf_bennett/ctrl.dev/studio.dev/AccellaX 361°/web/backend/vendor/laravel/framework/src/Illuminate/Database/Migrations/Migrator.php(658): Illuminate\\Database\\Console\\Migrations\\MigrateCommand->{closure:Illuminate\\Database\\Console\\Migrations\\MigrateCommand::runMigrations():110}()
#26 /home/msf_bennett/ctrl.dev/studio.dev/AccellaX 361°/web/backend/vendor/laravel/framework/src/Illuminate/Database/Console/Migrations/MigrateCommand.php(110): Illuminate\\Database\\Migrations\\Migrator->usingConnection()
#27 /home/msf_bennett/ctrl.dev/studio.dev/AccellaX 361°/web/backend/vendor/laravel/framework/src/Illuminate/Database/Console/Migrations/MigrateCommand.php(89): Illuminate\\Database\\Console\\Migrations\\MigrateCommand->runMigrations()
#28 /home/msf_bennett/ctrl.dev/studio.dev/AccellaX 361°/web/backend/vendor/laravel/framework/src/Illuminate/Container/BoundMethod.php(36): Illuminate\\Database\\Console\\Migrations\\MigrateCommand->handle()
#29 /home/msf_bennett/ctrl.dev/studio.dev/AccellaX 361°/web/backend/vendor/laravel/framework/src/Illuminate/Container/Util.php(43): Illuminate\\Container\\BoundMethod::{closure:Illuminate\\Container\\BoundMethod::call():35}()
#30 /home/msf_bennett/ctrl.dev/studio.dev/AccellaX 361°/web/backend/vendor/laravel/framework/src/Illuminate/Container/BoundMethod.php(95): Illuminate\\Container\\Util::unwrapIfClosure()
#31 /home/msf_bennett/ctrl.dev/studio.dev/AccellaX 361°/web/backend/vendor/laravel/framework/src/Illuminate/Container/BoundMethod.php(35): Illuminate\\Container\\BoundMethod::callBoundMethod()
#32 /home/msf_bennett/ctrl.dev/studio.dev/AccellaX 361°/web/backend/vendor/laravel/framework/src/Illuminate/Container/Container.php(696): Illuminate\\Container\\BoundMethod::call()
#33 /home/msf_bennett/ctrl.dev/studio.dev/AccellaX 361°/web/backend/vendor/laravel/framework/src/Illuminate/Console/Command.php(213): Illuminate\\Container\\Container->call()
#34 /home/msf_bennett/ctrl.dev/studio.dev/AccellaX 361°/web/backend/vendor/symfony/console/Command/Command.php(318): Illuminate\\Console\\Command->execute()
#35 /home/msf_bennett/ctrl.dev/studio.dev/AccellaX 361°/web/backend/vendor/laravel/framework/src/Illuminate/Console/Command.php(182): Symfony\\Component\\Console\\Command\\Command->run()
#36 /home/msf_bennett/ctrl.dev/studio.dev/AccellaX 361°/web/backend/vendor/symfony/console/Application.php(1073): Illuminate\\Console\\Command->run()
#37 /home/msf_bennett/ctrl.dev/studio.dev/AccellaX 361°/web/backend/vendor/symfony/console/Application.php(356): Symfony\\Component\\Console\\Application->doRunCommand()
#38 /home/msf_bennett/ctrl.dev/studio.dev/AccellaX 361°/web/backend/vendor/symfony/console/Application.php(195): Symfony\\Component\\Console\\Application->doRun()
#39 /home/msf_bennett/ctrl.dev/studio.dev/AccellaX 361°/web/backend/vendor/laravel/framework/src/Illuminate/Foundation/Console/Kernel.php(198): Symfony\\Component\\Console\\Application->run()
#40 /home/msf_bennett/ctrl.dev/studio.dev/AccellaX 361°/web/backend/artisan(12): Illuminate\\Foundation\\Console\\Kernel->handle()
#41 {main}
"} 
